TODO
====

* choose order of topics for good flow
* determine demo for interactive rebase
* add images on Q & A page
* add preshow (logos, SHAs, trees, etc.; or, something unique to me, e.g., hockey)

interactive add
===============

slapshot:git_out_of_big_trouble cdemyanovich$ git add -i
           staged     unstaged path
  1:    unchanged        +1/-1 trouble/add_interactive.md

*** Commands ***
  1: status	  2: update	  3: revert	  4: add untracked
  5: patch	  6: diff	  7: quit	  8: help
What now> p
           staged     unstaged path
  1:    unchanged        +1/-1 trouble/add_interactive.md
Patch update>> 1
           staged     unstaged path
* 1:    unchanged        +1/-1 trouble/add_interactive.md
Patch update>>
diff --git a/trouble/add_interactive.md b/trouble/add_interactive.md
index 43c1717..ea061a2 100644
--- a/trouble/add_interactive.md
+++ b/trouble/add_interactive.md
@@ -6,7 +6,7 @@
 ## `git add`

 !SLIDE bullets
-## Two options
+## Two common options

 * `-i, --interactive`
 * `-p, --patch`
Stage this hunk [y,n,q,a,d,/,e,?]? y

*** Commands ***
  1: status	  2: update	  3: revert	  4: add untracked
  5: patch	  6: diff	  7: quit	  8: help
What now> q
Bye.
slapshot:git_out_of_big_trouble cdemyanovich$ git status
# On branch master
# Changes to be committed:
#   (use "git reset HEAD <file>..." to unstage)
#
#	modified:   trouble/add_interactive.md
#
